Script started on Thu 11 Apr 2019 10:32:58 AM PDT
caprezn@CF165-04:~$ mkdr csci241
No command 'mkdr' found, did you mean:
 Command 'mkdir' from package 'coreutils' (main)
mkdr: command not found
caprezn@CF165-04:~$ mkdir241
mkdir241: command not found
caprezn@CF165-04:~$ mkdir csci241
caprezn@CF165-04:~$ git clone https://github.com/CSCI241Spring2019/lab-1-usernam e[K[Acaprezn@CF165-04:~$ git clone https://github.com/CSCI241Spring2019/lab-1-usernamee[K[A[C[C[C[C[C[C[C[C[C[C[C[C[C[C[C[C[C[C[C[C[C[C[C[C[C[C[C[C[C[C[C[C[C[C[C[C[C[C[C[C[C[C[C[C[C[C[C[C[C[C[C[C[C[C[C[C[C[C[C[C[C[C[C[C[C[C[C[C[C[C[C[C[C[C[C[C[C[C[C[K
[K[A[C[C[C[C[C[C[C[C[C[C[C[C[C[C[C[C[C[C[C[C[C[C[C[C[C[C[C[C[C[C[C[C[C[C[C[C[C[C[C[C[C[C[C[C[C[C[C[C[C[C[C[C[C[C[C[C[C[C[C[C[C[C[C[C[C[C[C[C[C[C[C[C[C[C[C[C[C[C[C[K[K[K[K[K[KNileCap rez
Cloning into 'lab-1-NileCaprez'...
remote: Enumerating objects: 8, done.[K
remote: Counting objects:  12% (1/8)   [Kremote: Counting objects:  25% (2/8)   [Kremote: Counting objects:  37% (3/8)   [Kremote: Counting objects:  50% (4/8)   [Kremote: Counting objects:  62% (5/8)   [Kremote: Counting objects:  75% (6/8)   [Kremote: Counting objects:  87% (7/8)   [Kremote: Counting objects: 100% (8/8)   [Kremote: Counting objects: 100% (8/8), done.[K
remote: Compressing objects:  25% (1/4)   [Kremote: Compressing objects:  50% (2/4)   [Kremote: Compressing objects:  75% (3/4)   [Kremote: Compressing objects: 100% (4/4)   [Kremote: Compressing objects: 100% (4/4), done.[K
remote: Total 8 (delta 0), reused 8 (delta 0), pack-reused 0[K
Unpacking objects:  12% (1/8)   Unpacking objects:  25% (2/8)   Unpacking objects:  37% (3/8)   Unpacking objects:  50% (4/8)   Unpacking objects:  62% (5/8)   Unpacking objects:  75% (6/8)   Unpacking objects:  87% (7/8)   Unpacking objects: 100% (8/8)   Unpacking objects: 100% (8/8), done.
Checking connectivity... done.
caprezn@CF165-04:~$ touch writeup.txt
caprezn@CF165-04:~$ git add writeup.txt
fatal: Not a git repository (or any parent up to mount point /home)
Stopping at filesystem boundary (GIT_DISCOVERY_ACROSS_FILESYSTEM not set).
caprezn@CF165-04:~$ git init
Initialized empty Git repository in /home/caprezn/.git/
caprezn@CF165-04:~$ cd[K[Kgit [K[K[K[Kgit clone https://github.com/CSCI241Spring2019/lab-1-usernam e[K[A[C[C[C[C[C[C[C[C[C[C[C[C[C[C[C[C[C[C[C[C[C[C[C[C[C[C[C[C[C[C[C[C[C[C[C[C[C[C[C[C[C[C[C[C[C[C[C[C[C[C[C[C[C[C[C[C[C[C[C[C[C[C[C[C[C[C[C[C[C[C[C[C[C[C[C[C[C[C[C[K
[K[A[C[C[C[C[C[C[C[C[C[C[C[C[C[C[C[C[C[C[C[C[C[C[C[C[C[C[C[C[C[C[C[C[C[C[C[C[C[C[C[C[C[C[C[C[C[C[C[C[C[C[C[C[C[C[C[C[C[C[C[C[C[C[C[C[C[C[C[C[C[C[C[C[C[C[C[C[C[C[C[K[K[K[K[K[KNileCap rez
fatal: destination path 'lab-1-NileCaprez' already exists and is not an empty directory.
caprezn@CF165-04:~$ cd lab-1-1[KNileCaprez
bash: cd: lab-1-NileCaprez: No such file or directory
caprezn@CF165-04:~$ ls
compiz.core  Documents		Home   Music	    Public	Videos
csci241      Downloads		Lab02  nile-caprez  Templates	writeup.txt
Desktop      eclipse-workspace	lab 6  Pictures     typescript
caprezn@CF165-04:~$ cd lab[K[K[Kcsci241
caprezn@CF165-04:~/csci241$ cd lab-1-Nilecaprez[K[K[K[K[K[KCaprez
caprezn@CF165-04:~/csci241/lab-1-NileCaprez$ touch writeup.txt
caprezn@CF165-04:~/csci241/lab-1-NileCaprez$ a[Kgit add we[Kriteup.txt
caprezn@CF165-04:~/csci241/lab-1-NileCaprez$ git commit-m[K[K -m "added empty writeup" [A[C[C[C[C[C[C[C[C[C[C[C[C[C[C[C[C[C[C[C[C[C[C[C[C[C[C[C[C[C[C[C[C[C[C[C[C[C[C[C[C[C[C[C[C[C[C[C[C[C[C[C[C[C[C[C[C[C[C[C[C[C[C[C[C[C[C[C[C[C[C[C[C[C[C[C[C[C[C[C[K"
[master 59427cf] added empty writeup
 1 file changed, 0 insertions(+), 0 deletions(-)
 create mode 100644 writeup.txt
caprezn@CF165-04:~/csci241/lab-1-NileCaprez$ git push
warning: push.default is unset; its implicit value has changed in
Git 2.0 from 'matching' to 'simple'. To squelch this message
and maintain the traditional behavior, use:

  git config --global push.default matching

To squelch this message and adopt the new behavior now, use:

  git config --global push.default simple

When push.default is set to 'matching', git will push local branches
to the remote branches that already exist with the same name.

Since Git 2.0, Git defaults to the more conservative 'simple'
behavior, which only pushes the current branch to the corresponding
remote branch that 'git pull' uses to update the current branch.

See 'git help config' and search for 'push.default' for further information.
(the 'simple' mode was introduced in Git 1.7.11. Use the similar mode
'current' instead of 'simple' if you sometimes use older versions of Git)

Username for 'https://github.com': NileCaprez
Password for 'https://NileCaprez@github.com': 
remote: Invalid username or password.
fatal: Authentication failed for 'https://github.com/CSCI241Spring2019/lab-1-NileCaprez/'
caprezn@CF165-04:~/csci241/lab-1-NileCaprez$ git push
warning: push.default is unset; its implicit value has changed in
Git 2.0 from 'matching' to 'simple'. To squelch this message
and maintain the traditional behavior, use:

  git config --global push.default matching

To squelch this message and adopt the new behavior now, use:

  git config --global push.default simple

When push.default is set to 'matching', git will push local branches
to the remote branches that already exist with the same name.

Since Git 2.0, Git defaults to the more conservative 'simple'
behavior, which only pushes the current branch to the corresponding
remote branch that 'git pull' uses to update the current branch.

See 'git help config' and search for 'push.default' for further information.
(the 'simple' mode was introduced in Git 1.7.11. Use the similar mode
'current' instead of 'simple' if you sometimes use older versions of Git)

Username for 'https://github.com': NileCaprez
Password for 'https://NileCaprez@github.com': 
remote: Invalid username or password.
fatal: Authentication failed for 'https://github.com/CSCI241Spring2019/lab-1-NileCaprez/'
caprezn@CF165-04:~/csci241/lab-1-NileCaprez$ git push
warning: push.default is unset; its implicit value has changed in
Git 2.0 from 'matching' to 'simple'. To squelch this message
and maintain the traditional behavior, use:

  git config --global push.default matching

To squelch this message and adopt the new behavior now, use:

  git config --global push.default simple

When push.default is set to 'matching', git will push local branches
to the remote branches that already exist with the same name.

Since Git 2.0, Git defaults to the more conservative 'simple'
behavior, which only pushes the current branch to the corresponding
remote branch that 'git pull' uses to update the current branch.

See 'git help config' and search for 'push.default' for further information.
(the 'simple' mode was introduced in Git 1.7.11. Use the similar mode
'current' instead of 'simple' if you sometimes use older versions of Git)

Username for 'https://github.com': NileCaprez
Password for 'https://NileCaprez@github.com': 
Counting objects: 3, done.
Delta compression using up to 8 threads.
Compressing objects:  50% (1/2)   Compressing objects: 100% (2/2)   Compressing objects: 100% (2/2), done.
Writing objects:  33% (1/3)   Writing objects:  66% (2/3)   Writing objects: 100% (3/3)   Writing objects: 100% (3/3), 309 bytes | 0 bytes/s, done.
Total 3 (delta 0), reused 0 (delta 0)
To https://github.com/CSCI241Spring2019/lab-1-NileCaprez
   1523c09..59427cf  master -> master
caprezn@CF165-04:~/csci241/lab-1-NileCaprez$ git add writeup.txt
caprezn@CF165-04:~/csci241/lab-1-NileCaprez$ git comm[Kmit -m "added part 1 names"
On branch master
Your branch is up-to-date with 'origin/master'.
nothing to commit, working directory clean
caprezn@CF165-04:~/csci241/lab-1-NileCaprez$ git status
On branch master
Your branch is up-to-date with 'origin/master'.
nothing to commit, working directory clean
caprezn@CF165-04:~/csci241/lab-1-NileCaprez$ touch.[K username.ts[Kxt
caprezn@CF165-04:~/csci241/lab-1-NileCaprez$ add username.txt[1P[C[C[C[C[C[C[C[C[C[C[C[C[C[C[C[K[K[K[K[K[K[K[K[K[K[K[K[K[K[Kgit add t[Kusername.txt
caprezn@CF165-04:~/csci241/lab-1-NileCaprez$ commit [K[K[K[K[K[K[Kgit commit-[K -m "addedus[K[K username.txt"
[master 2e9e3e9] added username.txt
 1 file changed, 0 insertions(+), 0 deletions(-)
 create mode 100644 username.txt
caprezn@CF165-04:~/csci241/lab-1-NileCaprez$ git log
[?1h=[33mcommit 2e9e3e95510abe01ce4f440cea4323a4edbcaf13[m[m
Author: Nile <caprezn@wwu.edu>[m
Date:   Thu Apr 11 10:48:30 2019 -0700[m
[m
    added username.txt[m
[m
[33mcommit 59427cfe2a3dc5aedc78e74c585599e81c0e874d[m[m
Author: Nile <caprezn@wwu.edu>[m
Date:   Thu Apr 11 10:40:14 2019 -0700[m
[m
    added empty writeup[m
[m
[33mcommit 1523c09e41bb264a6f420fcd78d1a7d6e44a5340[m[m
Author: majeskn <majeskn@wwu.edu>[m
Date:   Mon Jan 7 20:49:19 2019 -0800[m
[m
    Adding setup for gradle[m
[K[?1l>caprezn@CF165-04:~/csci241/lab-1-NileCaprez$ git blame
usage: git blame [<options>] [<rev-opts>] [<rev>] [--] <file>

    <rev-opts> are documented in git-rev-list(1)

    --incremental         Show blame entries as we find them, incrementally
    -b                    Show blank SHA-1 for boundary commits (Default: off)
    --root                Do not treat root commits as boundaries (Default: off)
    --show-stats          Show work cost statistics
    --score-debug         Show output score for blame entries
    -f, --show-name       Show original filename (Default: auto)
    -n, --show-number     Show original linenumber (Default: off)
    -p, --porcelain       Show in a format designed for machine consumption
    --line-porcelain      Show porcelain format with per-line commit information
    -c                    Use the same output mode as git-annotate (Default: off)
    -t                    Show raw timestamp (Default: off)
    -l                    Show long commit SHA1 (Default: off)
    -s                    Suppress author name and timestamp (Default: off)
    -e, --show-email      Show author email instead of name (Default: off)
    -w                    Ignore whitespace differences
    --minimal             Spend extra cycles to find better match
    -S <file>             Use revisions from <file> instead of calling git-rev-list
    --contents <file>     Use <file>'s contents as the final image
    -C[<score>]           Find line copies within and across files
    -M[<score>]           Find line movements within and across files
    -L <n,m>              Process only line range n,m, counting from 1
    --abbrev[=<n>]        use <n> digits to display SHA-1s

caprezn@CF165-04:~/csci241/lab-1-NileCaprez$ git diff
[?1h=[K[?1l>caprezn@CF165-04:~/csci241/lab-1-NileCaprez$ touch dummy.txt
caprezn@CF165-04:~/csci241/lab-1-NileCaprez$ git mv dummy [K.txt "[K"superdummy.txt"
fatal: not under version control, source=dummy.txt, destination=superdummy.txt
caprezn@CF165-04:~/csci241/lab-1-NileCaprez$ git rm dummy.txt
fatal: pathspec 'dummy.txt' did not match any files
caprezn@CF165-04:~/csci241/lab-1-NileCaprez$ $[K git checkout -b quesion 3[K[K[K[K[Ktion [K3
Switched to a new branch 'question3'
caprezn@CF165-04:~/csci241/lab-1-NileCaprez$ gt[Kit add writeup.txt
caprezn@CF165-04:~/csci241/lab-1-NileCaprez$ git commit - m[K[K,[Km "Added question 3"
On branch question3
nothing to commit, working directory clean
caprezn@CF165-04:~/csci241/lab-1-NileCaprez$ git push
warning: push.default is unset; its implicit value has changed in
Git 2.0 from 'matching' to 'simple'. To squelch this message
and maintain the traditional behavior, use:

  git config --global push.default matching

To squelch this message and adopt the new behavior now, use:

  git config --global push.default simple

When push.default is set to 'matching', git will push local branches
to the remote branches that already exist with the same name.

Since Git 2.0, Git defaults to the more conservative 'simple'
behavior, which only pushes the current branch to the corresponding
remote branch that 'git pull' uses to update the current branch.

See 'git help config' and search for 'push.default' for further information.
(the 'simple' mode was introduced in Git 1.7.11. Use the similar mode
'current' instead of 'simple' if you sometimes use older versions of Git)

fatal: The current branch question3 has no upstream branch.
To push the current branch and set the remote as upstream, use

    git push --set-upstream origin question3

caprezn@CF165-04:~/csci241/lab-1-NileCaprez$ ^C
caprezn@CF165-04:~/csci241/lab-1-NileCaprez$ https://git-scm.com/book/en/v2/Git- Branching-Basic-Branching-and-Merging[K[K[K[K[K[K[K[K[K[K[K[K[K[K[K[K[K[K[K[K[K[K[K[K[K[K[K[K[K[K[K[K[K[K[K[K[K[A[C[C[C[C[C[C[C[C[C[C[C[C[C[C[C[C[C[C[C[C[C[C[C[C[C[C[C[C[C[C[C[C[C[C[C[C[C[C[C[C[C[C[C[C[C[C[C[C[C[C[C[C[C[C[C[C[C[C[C[C[C[C[C[C[C[C[C[C[C[C[C[C[C[C[C[C[C[C[C[K
[K[A[C[C[C[C[C[C[C[C[C[C[C[C[C[C[C[C[C[C[C[C[C[C[C[C[C[C[C[C[C[C[C[C[C[C[C[C[C[C[C[C[C[C[C[C[C[C[C[C[C[C[C[C[C[C[C[C[C[C[C[C[C[C[C[C[C[C[C[C[C[C[C[C[C[C[C[C[C[C[C[K[K[K[K[K[K[K[K[K[K[K[K[K[K[K[K[K[K[K[K[K[K[K[K[K[K[K[K[K[K[K[K[K[Kgit push --set-upstream origin ques tion3
Username for 'https://github.com': NileCaprez
Password for 'https://NileCaprez@github.com': 
Counting objects: 2, done.
Delta compression using up to 8 threads.
Compressing objects:  50% (1/2)   Compressing objects: 100% (2/2)   Compressing objects: 100% (2/2), done.
Writing objects:  50% (1/2)   Writing objects: 100% (2/2)   Writing objects: 100% (2/2), 312 bytes | 0 bytes/s, done.
Total 2 (delta 0), reused 0 (delta 0)
remote: 
remote: Create a pull request for 'question3' on GitHub by visiting:[K
remote:      https://github.com/CSCI241Spring2019/lab-1-NileCaprez/pull/new/question3[K
remote: 
To https://github.com/CSCI241Spring2019/lab-1-NileCaprez
 * [new branch]      question3 -> question3
Branch question3 set up to track remote branch question3 from origin.
caprezn@CF165-04:~/csci241/lab-1-NileCaprez$ git push
warning: push.default is unset; its implicit value has changed in
Git 2.0 from 'matching' to 'simple'. To squelch this message
and maintain the traditional behavior, use:

  git config --global push.default matching

To squelch this message and adopt the new behavior now, use:

  git config --global push.default simple

When push.default is set to 'matching', git will push local branches
to the remote branches that already exist with the same name.

Since Git 2.0, Git defaults to the more conservative 'simple'
behavior, which only pushes the current branch to the corresponding
remote branch that 'git pull' uses to update the current branch.

See 'git help config' and search for 'push.default' for further information.
(the 'simple' mode was introduced in Git 1.7.11. Use the similar mode
'current' instead of 'simple' if you sometimes use older versions of Git)

Username for 'https://github.com': NileCaprez
Password for 'https://NileCaprez@github.com': 
remote: Invalid username or password.
fatal: Authentication failed for 'https://github.com/CSCI241Spring2019/lab-1-NileCaprez/'
caprezn@CF165-04:~/csci241/lab-1-NileCaprez$ p[Kgit push
warning: push.default is unset; its implicit value has changed in
Git 2.0 from 'matching' to 'simple'. To squelch this message
and maintain the traditional behavior, use:

  git config --global push.default matching

To squelch this message and adopt the new behavior now, use:

  git config --global push.default simple

When push.default is set to 'matching', git will push local branches
to the remote branches that already exist with the same name.

Since Git 2.0, Git defaults to the more conservative 'simple'
behavior, which only pushes the current branch to the corresponding
remote branch that 'git pull' uses to update the current branch.

See 'git help config' and search for 'push.default' for further information.
(the 'simple' mode was introduced in Git 1.7.11. Use the similar mode
'current' instead of 'simple' if you sometimes use older versions of Git)

Username for 'https://github.com': C NileCaprez
Password for 'https://NileCaprez@github.com': 
Everything up-to-date
caprezn@CF165-04:~/csci241/lab-1-NileCaprez$ cd cs[Krc[K[K[Ksc[Krc
caprezn@CF165-04:~/csci241/lab-1-NileCaprez/src$ cd main
caprezn@CF165-04:~/csci241/lab-1-NileCaprez/src/main$ cd java
caprezn@CF165-04:~/csci241/lab-1-NileCaprez/src/main/java$ cd lab1
caprezn@CF165-04:~/csci241/lab-1-NileCaprez/src/main/java/lab1$ gradle build
[0m
Welcome to Gradle 5.0!

Here are the highlights of this release:
 - Kotlin DSL 1.0
 - Task timeouts
 - Dependency alignment aka BOM support
 - Interactive `gradle init`

For more details see https://docs.gradle.org/5.0/release-notes.html

Starting a Gradle Daemon (subsequent builds will be faster)


[2A[1B[1m> Starting Daemon[m[17D[1B[1A[1m> Starting Daemon[m[17D[1B[1A[1m> Starting Daemon[m[17D[1B[1A[1m> Starting Daemon[m[17D[1B[1A[1m> Starting Daemon[m[17D[1B[1A[1m> Starting Daemon[m[17D[1B[1A[1m> Starting Daemon[m[17D[1B[1A[1m> Starting Daemon[m[17D[1B[1A[1m> Starting Daemon[m[17D[1B[1A[1m> Starting Daemon[m[17D[1B[1A> IDLE[0K[6D[1B[2A[1m<[0;32;1;0;39;1m-------------> 0% INITIALIZING [0s][m[36D[1B[1m> Evaluating settings[m[21D[1B[2A[1m<[0;32;1;0;39;1m-------------> 0% INITIALIZING [0s][m[36D[1B[1m> Evaluating settings[m[21D[1B[2A[1m<[0;32;1;0;39;1m-------------> 0% INITIALIZING [0s][m[36D[1B[1m> Evaluating settings[m[21D[1B[2A[1m<[0;32;1;0;39;1m-------------> 0% CONFIGURING [0s][m[0K[35D[1B[1m> Loading projects[m[0K[18D[1B[2A[1m<[0;32;1;0;39;1m-------------> 0% CONFIGURING [0s][m[35D[1B[1m> root project[m[0K[14D[1B[2A[1m<[0;32;1;0;39;1m-------------> 0% EXECUTING [0s][m[0K[33D[1B> IDLE[0K[6D[1B[2A[1m<[0;32;1;0;39;1m-------------> 0% EXECUTING [0s][m[33D[1B[1m> :buildEnvironment[m[19D[1B[2A[1m<[0;32;1;0;39;1m-------------> 0% EXECUTING [0s][m[33D[1B[1m> :buildEnvironment[m[19D[1B[2A[0K
[1m> Task :buildEnvironment[m

[1m------------------------------------------------------------[m
[1mRoot project[m
[1m------------------------------------------------------------[m

[32mclasspath[39m
[33mNo dependencies[39m

A web-based, searchable dependency report is available by adding the [1m--scan[m option.

[32;1mBUILD SUCCESSFUL[0;39m in 2s
1 actionable task: 1 executed
[0K
[0K
[2A[1m<[0;32;1;0;39;1m-------------> 0% WAITING[m[26D[1B> IDLE[6D[1B[2A[1m<[0;32;1;0;39;1m-------------> 0% WAITING[m[26D[2B[2A[2K[1B[2K[1A[0mcaprezn@CF165-04:~/csci241/lab-1-NileCaprez/src/main/java/lab1$ graddle \\\\[K[K[K[K[K[K[K[Kle run
[0m
[1A
[31mFAILURE: [39m[31mBuild failed with an exception.[39m

* What went wrong:
Task 'run' not found in root project 'lab1'.

* Try:
Run [1mgradle tasks[m to get a list of available tasks. Run with [1m--stacktrace[m option to get the stack trace. Run with [1m--info[m or [1m--debug[m option to get more log output. Run with [1m--scan[m to get full insights.

* Get more help at [1mhttps://help.gradle.org[m

[31;1mBUILD FAILED[0;39m in 0s

[1A[1m<[0;32;1;0;39;1m-------------> 0% WAITING[m[26D[1B[1A[2K[0mcaprezn@CF165-04:~/csci241/lab-1-NileCaprez/src/main/java/lab1$ gradle build hel low[K[K[K[A[C[C[C[C[C[C[C[C[C[C[C[C[C[C[C[C[C[C[C[C[C[C[C[C[C[C[C[C[C[C[C[C[C[C[C[C[C[C[C[C[C[C[C[C[C[C[C[C[C[C[C[C[C[C[C[C[C[C[C[C[C[C[C[C[C[C[C[C[C[C[C[C[C[C[C[C[C[C[C[K
[K[A[C[C[C[C[C[C[C[C[C[C[C[C[C[C[C[C[C[C[C[C[C[C[C[C[C[C[C[C[C[C[C[C[C[C[C[C[C[C[C[C[C[C[C[C[C[C[C[C[C[C[C[C[C[C[C[C[C[C[C[C[C[C[C[C[C[C[C[C[C[C[C[C[C[C[C[C[C[C[C[K[KHel lo.java
[0m
[1A
[31mFAILURE: [39m[31mBuild failed with an exception.[39m

* What went wrong:
Task 'Hello.java' not found in root project 'lab1'.

* Try:
Run [1mgradle tasks[m to get a list of available tasks. Run with [1m--stacktrace[m option to get the stack trace. Run with [1m--info[m or [1m--debug[m option to get more log output. Run with [1m--scan[m to get full insights.

* Get more help at [1mhttps://help.gradle.org[m

[31;1mBUILD FAILED[0;39m in 0s

[1A[1m<[0;32;1;0;39;1m-------------> 0% WAITING[m[26D[1B[1A[2K[0mcaprezn@CF165-04:~/csci241/lab-1-NileCaprez/src/main/java/lab1$ 
caprezn@CF165-04:~/csci241/lab-1-NileCaprez/src/main/java/lab1$ git merge master [A[C[C[C[C[C[C[C[C[C[C[C[C[C[C[C[C[C[C[C[C[C[C[C[C[C[C[C[C[C[C[C[C[C[C[C[C[C[C[C[C[C[C[C[C[C[C[C[C[C[C[C[C[C[C[C[C[C[C[C[C[C[C[C[C[C[C[C[C[C[C[C[C[C[C[C[C[C[C[C[Kr
Already up-to-date.
caprezn@CF165-04:~/csci241/lab-1-NileCaprez/src/main/java/lab1$ git x[Kcheckout que stion3
Already on 'question3'
Your branch is up-to-date with 'origin/question3'.
caprezn@CF165-04:~/csci241/lab-1-NileCaprez/src/main/java/lab1$ git merge master [A[C[C[C[C[C[C[C[C[C[C[C[C[C[C[C[C[C[C[C[C[C[C[C[C[C[C[C[C[C[C[C[C[C[C[C[C[C[C[C[C[C[C[C[C[C[C[C[C[C[C[C[C[C[C[C[C[C[C[C[C[C[C[C[C[C[C[C[C[C[C[C[C[C[C[C[C[C[C[C[Kr
Already up-to-date.
caprezn@CF165-04:~/csci241/lab-1-NileCaprez/src/main/java/lab1$ gradle build
[0m

[1A[1m> Connecting to Daemon[m[22D[1B[2A
[1m> Task :buildEnvironment[m

[1m------------------------------------------------------------[m
[1mRoot project[m
[1m------------------------------------------------------------[m

[32mclasspath[39m
[33mNo dependencies[39m

A web-based, searchable dependency report is available by adding the [1m--scan[m option.

[32;1mBUILD SUCCESSFUL[0;39m in 0s
1 actionable task: 1 executed

[0K
[2A[1m<[0;32;1;0;39;1m-------------> 0% WAITING[m[26D[1B[1m> Connecting to Daemon[m[22D[1B[2A[2K[1B[2K[1A[0mcaprezn@CF165-04:~/csci241/lab-1-NileCaprez/src/main/java/lab1$ gradle run
[0m
[1A
[31mFAILURE: [39m[31mBuild failed with an exception.[39m

* What went wrong:
Task 'run' not found in root project 'lab1'.

* Try:
Run [1mgradle tasks[m to get a list of available tasks. Run with [1m--stacktrace[m option to get the stack trace. Run with [1m--info[m or [1m--debug[m option to get more log output. Run with [1m--scan[m to get full insights.

* Get more help at [1mhttps://help.gradle.org[m

[31;1mBUILD FAILED[0;39m in 0s

[1A[1m<[0;32;1;0;39;1m-------------> 0% WAITING[m[26D[1B[1A[2K[0mcaprezn@CF165-04:~/csci241/lab-1-NileCaprez/src/main/java/lab1$ cd hello[K[K[K[K[KHelloWorld
bash: cd: HelloWorld: No such file or directory
caprezn@CF165-04:~/csci241/lab-1-NileCaprez/src/main/java/lab1$ cd Hellow[K.java
bash: cd: Hello.java: Not a directory
caprezn@CF165-04:~/csci241/lab-1-NileCaprez/src/main/java/lab1$ gradl [Ke build
[0m

[1A[1m> Connecting to Daemon[m[22D[1B[2A
[1m> Task :buildEnvironment[m

[1m------------------------------------------------------------[m
[1mRoot project[m
[1m------------------------------------------------------------[m

[32mclasspath[39m
[33mNo dependencies[39m

A web-based, searchable dependency report is available by adding the [1m--scan[m option.

[32;1mBUILD SUCCESSFUL[0;39m in 0s
1 actionable task: 1 executed

[0K
[2A[1m<[0;32;1;0;39;1m-------------> 0% WAITING[m[26D[1B[1m> Connecting to Daemon[m[22D[1B[2A[2K[1B[2K[1A[0mcaprezn@CF165-04:~/csci241/lab-1-NileCaprez/src/main/java/lab1$ cd..
cd..: command not found
caprezn@CF165-04:~/csci241/lab-1-NileCaprez/src/main/java/lab1$ cd-
No command 'cd-' found, did you mean:
 Command 'cdi' from package 'cdo' (universe)
 Command 'cdw' from package 'cdw' (universe)
 Command 'cdo' from package 'cdo' (universe)
 Command 'cdp' from package 'irpas' (multiverse)
 Command 'cdv' from package 'codeville' (universe)
 Command 'cd5' from package 'cd5' (universe)
 Command 'cde' from package 'cde' (universe)
 Command 'cdb' from package 'tinycdb' (main)
cd-: command not found
caprezn@CF165-04:~/csci241/lab-1-NileCaprez/src/main/java/lab1$ cd
caprezn@CF165-04:~$ cd csci241
caprezn@CF165-04:~/csci241$ grD[KA[Kadle build
[0m
[1A
[1m> Task :buildEnvironment[m

[1m------------------------------------------------------------[m
[1mRoot project[m
[1m------------------------------------------------------------[m

[32mclasspath[39m
[33mNo dependencies[39m

A web-based, searchable dependency report is available by adding the [1m--scan[m option.

[32;1mBUILD SUCCESSFUL[0;39m in 0s
1 actionable task: 1 executed

[1A[1m<[0;32;1;0;39;1m-------------> 0% WAITING[m[26D[1B[1A[2K[0mcaprezn@CF165-04:~/csci241$ gradle run
[0m
[1A
[31mFAILURE: [39m[31mBuild failed with an exception.[39m

* What went wrong:
Task 'run' not found in root project 'csci241'.

* Try:
Run [1mgradle tasks[m to get a list of available tasks. Run with [1m--stacktrace[m option to get the stack trace. Run with [1m--info[m or [1m--debug[m option to get more log output. Run with [1m--scan[m to get full insights.

* Get more help at [1mhttps://help.gradle.org[m

[31;1mBUILD FAILED[0;39m in 0s

[1A[1m<[0;32;1;0;39;1m-------------> 0% WAITING[m[26D[1B[1A[2K[0mcaprezn@CF165-04:~/csci241$ build[K[K[K[K[Kgradle build
[0m
[1A
[1m> Task :buildEnvironment[m

[1m------------------------------------------------------------[m
[1mRoot project[m
[1m------------------------------------------------------------[m

[32mclasspath[39m
[33mNo dependencies[39m

A web-based, searchable dependency report is available by adding the [1m--scan[m option.

[32;1mBUILD SUCCESSFUL[0;39m in 0s
1 actionable task: 1 executed

[1A[1m<[0;32;1;0;39;1m-------------> 0% WAITING[m[26D[1B[1A[2K[0mcaprezn@CF165-04:~/csci241$ hel[K[K[Kgradle hello
[0m
[1A
[31mFAILURE: [39m[31mBuild failed with an exception.[39m

* What went wrong:
Task 'hello' not found in root project 'csci241'. Some candidates are: 'help'.

* Try:
Run [1mgradle tasks[m to get a list of available tasks. Run with [1m--stacktrace[m option to get the stack trace. Run with [1m--info[m or [1m--debug[m option to get more log output. Run with [1m--scan[m to get full insights.

* Get more help at [1mhttps://help.gradle.org[m

[31;1mBUILD FAILED[0;39m in 0s

[1A[1m<[0;32;1;0;39;1m-------------> 0% WAITING[m[26D[1B[1A[2K[0mcaprezn@CF165-04:~/csci241$ cd
caprezn@CF165-04:~$ cd csci241
caprezn@CF165-04:~/csci241$ gradle build
[0m
[1A
[1m> Task :buildEnvironment[m

[1m------------------------------------------------------------[m
[1mRoot project[m
[1m------------------------------------------------------------[m

[32mclasspath[39m
[33mNo dependencies[39m

A web-based, searchable dependency report is available by adding the [1m--scan[m option.

[32;1mBUILD SUCCESSFUL[0;39m in 0s
1 actionable task: 1 executed

[1A[1m<[0;32;1;0;39;1m-------------> 0% WAITING[m[26D[1B[1A[2K[0mcaprezn@CF165-04:~/csci241$ cd lab-1-NileCaprez
caprezn@CF165-04:~/csci241/lab-1-NileCaprez$ gradle build
[0m

[2A[1m<[0;32;1;0;39;1m-------------> 0% CONFIGURING [0s][m[35D[1B[1m> root project > Compiling /home/caprezn/csci241/lab-1-NileCaprez/build.gradle [m[79D[1B[2A[1m<[0;32;1;0;39;1m-------------> 0% CONFIGURING [0s][m[35D[1B[1m> root project > Compiling /home/caprezn/csci241/lab-1-NileCaprez/build.gradle [m[79D[1B[2A[1m<[0;32;1;0;39;1m-------------> 0% CONFIGURING [0s][m[35D[1B[1m> root project[m[0K[14D[1B[2A[1m<[0;32;1;0;39;1m-------------> 0% CONFIGURING [0s][m[35D[1B[1m> root project[m[14D[1B[2A[1m<[0;32;1;0;39;1m-------------> 0% CONFIGURING [0s][m[35D[1B[1m> root project[m[14D[1B[2A[1m<[0;32;1m=============[0;39;1m> 100% CONFIGURING [0s][m[37D[1B> IDLE[0K[6D[1B[2A[1m<[0;32;1;0;39;1m-------------> 0% EXECUTING [0s][m[0K[33D[1B[1m> :compileJava[m[14D[1B[2A[1m<[0;32;1;0;39;1m-------------> 0% EXECUTING [0s][m[33D[1B[1m> :compileJava[m[14D[1B[2A[1m<[0;32;1;0;39;1m-------------> 0% EXECUTING [0s][m[33D[1B[1m> :compileJava[m[14D[1B[2A[1m<[0;32;1;0;39;1m-------------> 0% EXECUTING [0s][m[33D[1B[1m> :compileJava[m[14D[1B[2A[1m<[0;32;1m===[0;39;1m----------> 28% EXECUTING [1s][m[34D[1B[1m> :startScripts[m[15D[1B[2A[1m<[0;32;1m===[0;39;1m----------> 28% EXECUTING [1s][m[34D[1B[1m> :startScripts[m[15D[1B[2A[0K
[32;1mBUILD SUCCESSFUL[0;39m in 1s
5 actionable tasks: 5 executed
[0K
[0K
[2A[1m<[0;32;1;0;39;1m-------------> 0% WAITING[m[26D[1B[1m> :startScripts[m[15D[1B[2A[2K[1B[2K[1A[0mcaprezn@CF165-04:~/csci241/lab-1-NileCaprez$ gradle run
[0m

[2A[1m<[0;32;1m=========[0;39;1m----> 75% EXECUTING [0s][m[34D[1B[1m> :run[m[6D[1B[2A[0K
[1m> Task :run[m
Hello World!

[32;1mBUILD SUCCESSFUL[0;39m in 0s
2 actionable tasks: 1 executed, 1 up-to-date
[0K
[0K
[2A[1m<[0;32;1;0;39;1m-------------> 0% WAITING[m[26D[1B[1m> :run[m[6D[1B[2A[2K[1B[2K[1A[0mcaprezn@CF165-04:~/csci241/lab-1-NileCaprez$ gradl [Ke build
[0m
[1A
[32;1mBUILD SUCCESSFUL[0;39m in 0s
5 actionable tasks: 5 up-to-date

[1A[1m<[0;32;1;0;39;1m-------------> 0% WAITING[m[26D[1B[1A[2K[0mcaprezn@CF165-04:~/csci241/lab-1-NileCaprez$ gradle run --args ="241"
[0m

[2A[1m<[0;32;1m=========[0;39;1m----> 75% EXECUTING [0s][m[34D[1B[1m> :run[m[6D[1B[2A[0K
[1m> Task :run[m
Hello World!

[32;1mBUILD SUCCESSFUL[0;39m in 0s
2 actionable tasks: 1 executed, 1 up-to-date
[0K
[0K
[2A[1m<[0;32;1;0;39;1m-------------> 0% WAITING[m[26D[1B[1m> :run[m[6D[1B[2A[2K[1B[2K[1A[0mcaprezn@CF165-04:~/csci241/lab-1-NileCaprez$ gradle buikd[K[Kld
[0m
[1A
[32;1mBUILD SUCCESSFUL[0;39m in 0s
5 actionable tasks: 5 up-to-date

[1A[1m<[0;32;1;0;39;1m-------------> 0% WAITING[m[26D[1B[1A[1m<[0;32;1;0;39;1m-------------> 0% WAITING[m[26D[1B[1A[2K[0mcaprezn@CF165-04:~/csci241/lab-1-NileCaprez$ gradle run
[0m
[1A
[1m> Task :run[m
Hello World!

[32;1mBUILD SUCCESSFUL[0;39m in 0s
2 actionable tasks: 1 executed, 1 up-to-date

[1A[1m<[0;32;1;0;39;1m-------------> 0% WAITING[m[26D[1B[1A[1m<[0;32;1;0;39;1m-------------> 0% WAITING[m[26D[1B[1A[2K[0mcaprezn@CF165-04:~/csci241/lab-1-NileCaprez$ gradle build
[0m
[1A
[32;1mBUILD SUCCESSFUL[0;39m in 0s
5 actionable tasks: 5 up-to-date

[1A[1m<[0;32;1;0;39;1m-------------> 0% WAITING[m[26D[1B[1A[2K[0mcaprezn@CF165-04:~/csci241/lab-1-NileCaprez$ gradle run --args = "241"
[0m
[1A
[31mFAILURE: [39m[31mBuild failed with an exception.[39m

* What went wrong:
Task '241' not found in root project 'lab-1-NileCaprez'.

* Try:
Run [1mgradle tasks[m to get a list of available tasks. Run with [1m--stacktrace[m option to get the stack trace. Run with [1m--info[m or [1m--debug[m option to get more log output. Run with [1m--scan[m to get full insights.

* Get more help at [1mhttps://help.gradle.org[m

[31;1mBUILD FAILED[0;39m in 0s

[1A[1m<[0;32;1;0;39;1m-------------> 0% WAITING[m[26D[1B[1A[2K[0mcaprezn@CF165-04:~/csci241/lab-1-NileCaprez$ git.checkout[K[K[K[K[K[K[K[K[K checkout master
Switched to branch 'master'
Your branch is ahead of 'origin/master' by 1 commit.
  (use "git push" to publish your local commits)
caprezn@CF165-04:~/csci241/lab-1-NileCaprez$ git merge question3
Already up-to-date.
caprezn@CF165-04:~/csci241/lab-1-NileCaprez$ git push
warning: push.default is unset; its implicit value has changed in
Git 2.0 from 'matching' to 'simple'. To squelch this message
and maintain the traditional behavior, use:

  git config --global push.default matching

To squelch this message and adopt the new behavior now, use:

  git config --global push.default simple

When push.default is set to 'matching', git will push local branches
to the remote branches that already exist with the same name.

Since Git 2.0, Git defaults to the more conservative 'simple'
behavior, which only pushes the current branch to the corresponding
remote branch that 'git pull' uses to update the current branch.

See 'git help config' and search for 'push.default' for further information.
(the 'simple' mode was introduced in Git 1.7.11. Use the similar mode
'current' instead of 'simple' if you sometimes use older versions of Git)

Username for 'https://github.com': NileCaprez
Password for 'https://NileCaprez@github.com': 
Total 0 (delta 0), reused 0 (delta 0)
To https://github.com/CSCI241Spring2019/lab-1-NileCaprez
   59427cf..2e9e3e9  master -> master
caprezn@CF165-04:~/csci241/lab-1-NileCaprez$ git add writeup.txt
caprezn@CF165-04:~/csci241/lab-1-NileCaprez$ git push
warning: push.default is unset; its implicit value has changed in
Git 2.0 from 'matching' to 'simple'. To squelch this message
and maintain the traditional behavior, use:

  git config --global push.default matching

To squelch this message and adopt the new behavior now, use:

  git config --global push.default simple

When push.default is set to 'matching', git will push local branches
to the remote branches that already exist with the same name.

Since Git 2.0, Git defaults to the more conservative 'simple'
behavior, which only pushes the current branch to the corresponding
remote branch that 'git pull' uses to update the current branch.

See 'git help config' and search for 'push.default' for further information.
(the 'simple' mode was introduced in Git 1.7.11. Use the similar mode
'current' instead of 'simple' if you sometimes use older versions of Git)

Username for 'https://github.com': NileCaprez
Password for 'https://NileCaprez@github.com': 
Everything up-to-date
caprezn@CF165-04:~/csci241/lab-1-NileCaprez$ git checkout master
Already on 'master'
Your branch is up-to-date with 'origin/master'.
caprezn@CF165-04:~/csci241/lab-1-NileCaprez$ git commit[K[K[K[K[K[Kadd - [K[Kwriteup.txt
caprezn@CF165-04:~/csci241/lab-1-NileCaprez$ git commit =[K-m "writeup changed"
On branch master
Your branch is up-to-date with 'origin/master'.
Untracked files:
	[31m.gradle/[m
	[31mbuild/[m
	[31msrc/main/java/lab1/.gradle/[m

nothing added to commit but untracked files present
caprezn@CF165-04:~/csci241/lab-1-NileCaprez$ git push
warning: push.default is unset; its implicit value has changed in
Git 2.0 from 'matching' to 'simple'. To squelch this message
and maintain the traditional behavior, use:

  git config --global push.default matching

To squelch this message and adopt the new behavior now, use:

  git config --global push.default simple

When push.default is set to 'matching', git will push local branches
to the remote branches that already exist with the same name.

Since Git 2.0, Git defaults to the more conservative 'simple'
behavior, which only pushes the current branch to the corresponding
remote branch that 'git pull' uses to update the current branch.

See 'git help config' and search for 'push.default' for further information.
(the 'simple' mode was introduced in Git 1.7.11. Use the similar mode
'current' instead of 'simple' if you sometimes use older versions of Git)

Username for 'https://github.com': NileCaprez
Password for 'https://NileCaprez@github.com': 
Everything up-to-date
caprezn@CF165-04:~/csci241/lab-1-NileCaprez$ push[K[K[K[Kgit push[K[K[Kush[K[K[K[Kadd writeup.txt
caprezn@CF165-04:~/csci241/lab-1-NileCaprez$ git commit -m ad[K[K"added things"
On branch master
Your branch is up-to-date with 'origin/master'.
Untracked files:
	[31m.gradle/[m
	[31mbuild/[m
	[31msrc/main/java/lab1/.gradle/[m

nothing added to commit but untracked files present
caprezn@CF165-04:~/csci241/lab-1-NileCaprez$ git commit - ,[Km[K[Km "added things"[K[K[K[K[K[K[K[K[K[K[K[K[K[K[K[K[K[K[K[K[K[K[K[Kadd writeup.txt
caprezn@CF165-04:~/csci241/lab-1-NileCaprez$ git add username.txt
caprezn@CF165-04:~/csci241/lab-1-NileCaprez$ git commit -m "added the text i for got to save"
[master b1820b6] added the text i forgot to save
 2 files changed, 5 insertions(+)
caprezn@CF165-04:~/csci241/lab-1-NileCaprez$ git push
warning: push.default is unset; its implicit value has changed in
Git 2.0 from 'matching' to 'simple'. To squelch this message
and maintain the traditional behavior, use:

  git config --global push.default matching

To squelch this message and adopt the new behavior now, use:

  git config --global push.default simple

When push.default is set to 'matching', git will push local branches
to the remote branches that already exist with the same name.

Since Git 2.0, Git defaults to the more conservative 'simple'
behavior, which only pushes the current branch to the corresponding
remote branch that 'git pull' uses to update the current branch.

See 'git help config' and search for 'push.default' for further information.
(the 'simple' mode was introduced in Git 1.7.11. Use the similar mode
'current' instead of 'simple' if you sometimes use older versions of Git)

Username for 'https://github.com': NileCaprez
Password for 'https://NileCaprez@github.com': 
Counting objects: 4, done.
Delta compression using up to 8 threads.
Compressing objects:  33% (1/3)   Compressing objects:  66% (2/3)   Compressing objects: 100% (3/3)   Compressing objects: 100% (3/3), done.
Writing objects:  25% (1/4)   Writing objects:  50% (2/4)   Writing objects:  75% (3/4)   Writing objects: 100% (4/4)   Writing objects: 100% (4/4), 452 bytes | 0 bytes/s, done.
Total 4 (delta 0), reused 0 (delta 0)
To https://github.com/CSCI241Spring2019/lab-1-NileCaprez
   2e9e3e9..b1820b6  master -> master
caprezn@CF165-04:~/csci241/lab-1-NileCaprez$ git[K[K[Kgradle build
[0m

[1A[1m> Connecting to Daemon[m[22D[1B[2A[1m<[0;32;1;0;39;1m-------------> 0% EXECUTING [0s][m[33D[1B[1m> :compileJava[m[0K[14D[1B[2A[0K
[32;1mBUILD SUCCESSFUL[0;39m in 0s
5 actionable tasks: 4 executed, 1 up-to-date
[0K
[0K
[2A[1m<[0;32;1;0;39;1m-------------> 0% WAITING[m[26D[1B[1m> :compileJava[m[14D[1B[2A[2K[1B[2K[1A[0mcaprezn@CF165-04:~/csci241/lab-1-NileCaprez$ gradle run --arge[Ks = "hi"
[0m
[1A
[31mFAILURE: [39m[31mBuild failed with an exception.[39m

* What went wrong:
Task 'hi' not found in root project 'lab-1-NileCaprez'.

* Try:
Run [1mgradle tasks[m to get a list of available tasks. Run with [1m--stacktrace[m option to get the stack trace. Run with [1m--info[m or [1m--debug[m option to get more log output. Run with [1m--scan[m to get full insights.

* Get more help at [1mhttps://help.gradle.org[m

[31;1mBUILD FAILED[0;39m in 0s

[1A[1m<[0;32;1;0;39;1m-------------> 0% WAITING[m[26D[1B[1A[1m<[0;32;1;0;39;1m-------------> 0% WAITING[m[26D[1B[1A[2K[0mcaprezn@CF165-04:~/csci241/lab-1-NileCaprez$ gradle run 
[0m

[2A[1m<[0;32;1m=========[0;39;1m----> 75% EXECUTING [0s][m[34D[1B[1m> :run[m[6D[1B[2A[0K
[1m> Task :run[m
Hello

[32;1mBUILD SUCCESSFUL[0;39m in 0s
2 actionable tasks: 2 executed
[0K
[0K
[2A[1m<[0;32;1;0;39;1m-------------> 0% WAITING[m[26D[1B[1m> :run[m[6D[1B[2A[2K[1B[2K[1A[0mcaprezn@CF165-04:~/csci241/lab-1-NileCaprez$ run[K[K[Kgradle build
[0m

[1A[1m> Connecting to Daemon[m[22D[1B[2A
[32;1mBUILD SUCCESSFUL[0;39m in 0s
5 actionable tasks: 3 executed, 2 up-to-date

[0K
[2A[1m<[0;32;1;0;39;1m-------------> 0% WAITING[m[26D[1B> IDLE[6D[1B[2A[1m<[0;32;1;0;39;1m-------------> 0% WAITING[m[26D[2B[2A[2K[1B[2K[1A[0mcaprezn@CF165-04:~/csci241/lab-1-NileCaprez$ gradle run
[0m
[1A
[1m> Task :run[m
Hello

[32;1mBUILD SUCCESSFUL[0;39m in 0s
2 actionable tasks: 1 executed, 1 up-to-date

[1A[1m<[0;32;1;0;39;1m-------------> 0% WAITING[m[26D[1B[1A[1m<[0;32;1;0;39;1m-------------> 0% WAITING[m[26D[1B[1A[2K[0mcaprezn@CF165-04:~/csci241/lab-1-NileCaprez$ gradle run --args="241"
[0m
[1A
[1m> Task :run[m
Hello

[32;1mBUILD SUCCESSFUL[0;39m in 0s
2 actionable tasks: 1 executed, 1 up-to-date

[1A[1m<[0;32;1;0;39;1m-------------> 0% WAITING[m[26D[1B[1A[1m<[0;32;1;0;39;1m-------------> 0% WAITING[m[26D[1B[1A[2K[0mcaprezn@CF165-04:~/csci241/lab-1-NileCaprez$ ls
build  build.gradle  src  username.txt	writeup.txt
caprezn@CF165-04:~/csci241/lab-1-NileCaprez$ gradle build
[0m

[2A[1m<[0;32;1m=====[0;39;1m--------> 42% EXECUTING [0s][m[34D[1B[1m> :distZip[m[10D[1B[2A[0K
[32;1mBUILD SUCCESSFUL[0;39m in 0s
5 actionable tasks: 4 executed, 1 up-to-date
[0K
[0K
[2A[1m<[0;32;1;0;39;1m-------------> 0% WAITING[m[26D[1B[1m> :distZip[m[10D[1B[2A[2K[1B[2K[1A[0mcaprezn@CF165-04:~/csci241/lab-1-NileCaprez$ gradle run
[0m

[2A[1m<[0;32;1m=========[0;39;1m----> 75% EXECUTING [0s][m[34D[1B[1m> :run[m[6D[1B[2A[0K
[31;1m> Task :run[0;39m[31m FAILED[39m
Exception in thread "main" java.lang.ArrayIndexOutOfBoundsException: 0
        at lab1.Hello.main(Hello.java:5)

[31mFAILURE: [39m[31mBuild failed with an exception.[39m

* What went wrong:
Execution failed for task ':run'.
[33m> [39mProcess 'command '/usr/lib/jvm/java-8-openjdk-amd64/bin/java'' finished with non-zero exit value 1

* Try:
Run with [1m--stacktrace[m option to get the stack trace. Run with [1m--info[m or [1m--debug[m option to get more log output. Run with [1m--scan[m to get full insights.

* Get more help at [1mhttps://help.gradle.org[m

[31;1mBUILD FAILED[0;39m in 0s
2 actionable tasks: 1 executed, 1 up-to-date
[0K
[0K
[2A[1m<[0;32;1;0;39;1m-------------> 0% WAITING[m[26D[1B[1m> :run[m[6D[1B[2A[2K[1B[2K[1A[0mcaprezn@CF165-04:~/csci241/lab-1-NileCaprez$ gradle run --args [K+[K="25)[K"
[0m
[1A
[1m> Task :run[m
Hello25

[32;1mBUILD SUCCESSFUL[0;39m in 0s
2 actionable tasks: 1 executed, 1 up-to-date

[1A[1m<[0;32;1;0;39;1m-------------> 0% WAITING[m[26D[1B[1A[1m<[0;32;1;0;39;1m-------------> 0% WAITING[m[26D[1B[1A[2K[0mcaprezn@CF165-04:~/csci241/lab-1-NileCaprez$ git add src
caprezn@CF165-04:~/csci241/lab-1-NileCaprez$ gitcommit -m scr[K[K[K"added scr"
gitcommit: command not found
caprezn@CF165-04:~/csci241/lab-1-NileCaprez$ git commit -m "added src"
[master 1de1150] added src
 9 files changed, 3 insertions(+), 1 deletion(-)
 create mode 100644 src/main/java/lab1/.gradle/5.0/fileChanges/last-build.bin
 create mode 100644 src/main/java/lab1/.gradle/5.0/fileHashes/fileHashes.lock
 create mode 100644 src/main/java/lab1/.gradle/5.0/gc.properties
 create mode 100644 src/main/java/lab1/.gradle/5.0/taskHistory/taskHistory.bin
 create mode 100644 src/main/java/lab1/.gradle/5.0/taskHistory/taskHistory.lock
 create mode 100644 src/main/java/lab1/.gradle/buildOutputCleanup/buildOutputCleanup.lock
 create mode 100644 src/main/java/lab1/.gradle/buildOutputCleanup/cache.properties
 create mode 100644 src/main/java/lab1/.gradle/vcs-1/gc.properties
caprezn@CF165-04:~/csci241/lab-1-NileCaprez$ gi [Kt push
warning: push.default is unset; its implicit value has changed in
Git 2.0 from 'matching' to 'simple'. To squelch this message
and maintain the traditional behavior, use:

  git config --global push.default matching

To squelch this message and adopt the new behavior now, use:

  git config --global push.default simple

When push.default is set to 'matching', git will push local branches
to the remote branches that already exist with the same name.

Since Git 2.0, Git defaults to the more conservative 'simple'
behavior, which only pushes the current branch to the corresponding
remote branch that 'git pull' uses to update the current branch.

See 'git help config' and search for 'push.default' for further information.
(the 'simple' mode was introduced in Git 1.7.11. Use the similar mode
'current' instead of 'simple' if you sometimes use older versions of Git)

Username for 'https://github.com': Nile  Caprez
Password for 'https://NileCaprez@github.com': 
Counting objects: 21, done.
Delta compression using up to 8 threads.
Compressing objects:  11% (1/9)   Compressing objects:  22% (2/9)   Compressing objects:  33% (3/9)   Compressing objects:  44% (4/9)   Compressing objects:  55% (5/9)   Compressing objects:  66% (6/9)   Compressing objects:  77% (7/9)   Compressing objects:  88% (8/9)   Compressing objects: 100% (9/9)   Compressing objects: 100% (9/9), done.
Writing objects:   4% (1/21)   Writing objects:   9% (2/21)   Writing objects:  14% (3/21)   Writing objects:  19% (4/21)   Writing objects:  23% (5/21)   Writing objects:  28% (6/21)   Writing objects:  33% (7/21)   Writing objects:  38% (8/21)   Writing objects:  42% (9/21)   Writing objects:  47% (10/21)   Writing objects:  52% (11/21)   Writing objects:  57% (12/21)   Writing objects:  61% (13/21)   Writing objects:  66% (14/21)   Writing objects:  71% (15/21)   Writing objects:  76% (16/21)   Writing objects:  80% (17/21)   Writing objects:  85% (18/21)   Writing objects:  90% (19/21)   Writing objects:  95% (20/21)   Writing objects: 100% (21/21)   Writing objects: 100% (21/21), 1.47 KiB | 0 bytes/s, done.
Total 21 (delta 2), reused 0 (delta 0)
remote: Resolving deltas:   0% (0/2)   [Kremote: Resolving deltas:  50% (1/2)   [Kremote: Resolving deltas: 100% (2/2)   [Kremote: Resolving deltas: 100% (2/2), completed with 2 local objects.[K
To https://github.com/CSCI241Spring2019/lab-1-NileCaprez
   b1820b6..1de1150  master -> master
caprezn@CF165-04:~/csci241/lab-1-NileCaprez$ exit
exit

Script done on Thu 11 Apr 2019 11:45:02 AM PDT
